
================================================================================
AGGRESSIVE MODEL TEST - TESTING ACTUAL ONNX MODEL
================================================================================
python : Traceback (most recent call last):
At line:1 char:47
+ ... sha_bits" ; python aggressive_model_test.py > test_output.txt 2>&1 ;  ...
+                 ~~~~~~~~~~~~~~~~~~~~~~~~~~~~~~~~~~~~~~~~~~~~~~~~~~~~~~
    + CategoryInfo          : NotSpecified: (Traceback (most recent call last) 
   ::String) [], RemoteException
    + FullyQualifiedErrorId : NativeCommandError
 
  File "C:\Users\my lapi\Desktop\Varaksha_bits\aggressive_model_test.py", line 
23, in run_tests
    print("\n\u2705 Model loaded successfully")
    ~~~~~^^^^^^^^^^^^^^^^^^^^^^^^^^^^^^^^^^
  File "C:\Python313\Lib\encodings\cp1252.py", line 19, in encode
    return codecs.charmap_encode(input,self.errors,encoding_table)[0]
           ~~~~~~~~~~~~~~~~~~~~~^^^^^^^^^^^^^^^^^^^^^^^^^^^^^^^^^^
UnicodeEncodeError: 'charmap' codec can't encode character '\u2705' in 
position 2: character maps to <undefined>

During handling of the above exception, another exception occurred:

Traceback (most recent call last):
  File "C:\Users\my lapi\Desktop\Varaksha_bits\aggressive_model_test.py", line 
240, in <module>
    success = run_tests()
  File "C:\Users\my lapi\Desktop\Varaksha_bits\aggressive_model_test.py", line 
28, in run_tests
    print(f"\n\u274c FAILED TO LOAD MODEL: {e}")
    ~~~~~^^^^^^^^^^^^^^^^^^^^^^^^^^^^^^^^^^^
  File "C:\Python313\Lib\encodings\cp1252.py", line 19, in encode
    return codecs.charmap_encode(input,self.errors,encoding_table)[0]
           ~~~~~~~~~~~~~~~~~~~~~^^^^^^^^^^^^^^^^^^^^^^^^^^^^^^^^^^
UnicodeEncodeError: 'charmap' codec can't encode character '\u274c' in 
position 2: character maps to <undefined>
